55555www
sssss

5555

111
